<?xml version="1.0" encoding="UTF-8"?>
<urlset xmlns="http://www.sitemaps.org/schemas/sitemap/0.9" xmlns:xsi="http://www.w3.org/2001/XMLSchema-instance" xsi:schemaLocation="http://www.sitemaps.org/schemas/sitemap/0.9         http://www.sitemaps.org/schemas/sitemap/0.9/sitemap.xsd">
  <url>
    <loc>http://localhost/home</loc>
    <lastmod>2015-12-31T00:00:00+00:00</lastmod>
    <changefreq>yearly</changefreq>
    <priority>0.1</priority>
  </url>
</urlset>
