<?xml version="1.0" encoding="UTF-8"?>
<sitemapindex xmlns="http://www.sitemaps.org/schemas/sitemap/0.9">
  <sitemap>
    <loc>/sitemap1.xml</loc>
    <lastmod>2016-01-01T00:00:00+00:00</lastmod>
  </sitemap>
</sitemapindex>
