<?xml version="1.0" encoding="UTF-8"?>
<urlset xmlns="http://www.sitemaps.org/schemas/sitemap/0.9" xmlns:xhtml="http://www.w3.org/1999/xhtml">
  <url>
    <loc>http://localhost/contact</loc>
    <lastmod>2016-01-01T00:00:00+00:00</lastmod>
  </url>
  <url>
    <loc>http://localhost/home</loc>
    <lastmod>2016-01-01T00:00:00+00:00</lastmod>
  </url>
</urlset>
