<?xml version="1.0" encoding="UTF-8"?>
<urlset xmlns="http://www.sitemaps.org/schemas/sitemap/0.9" xmlns:xhtml="http://www.w3.org/1999/xhtml">
  <url>
    <loc>http://localhost/home</loc>
    <xhtml:link rel="alternate" hreflang="nl" href="http://localhost/thuis"/>
    <xhtml:link rel="alternate" hreflang="fr" href="http://localhost/maison"/>
    <lastmod>2016-01-01T00:00:00+00:00</lastmod>
    <changefreq>daily</changefreq>
    <priority>0.8</priority>
  </url>
</urlset>
